------------------------------------------------------------
TimeQuest Timing Analyzer Summary
------------------------------------------------------------

Type  : Slow 1100mV 85C Model Setup 'clock'
Slack : -6.249
TNS   : -1683.586

Type  : Slow 1100mV 85C Model Hold 'clock'
Slack : 0.394
TNS   : 0.000

Type  : Slow 1100mV 85C Model Minimum Pulse Width 'clock'
Slack : -3.166
TNS   : -721.046

Type  : Slow 1100mV 0C Model Setup 'clock'
Slack : -6.315
TNS   : -1631.136

Type  : Slow 1100mV 0C Model Hold 'clock'
Slack : 0.380
TNS   : 0.000

Type  : Slow 1100mV 0C Model Minimum Pulse Width 'clock'
Slack : -3.166
TNS   : -720.410

Type  : Fast 1100mV 85C Model Setup 'clock'
Slack : -2.293
TNS   : -542.489

Type  : Fast 1100mV 85C Model Hold 'clock'
Slack : 0.172
TNS   : 0.000

Type  : Fast 1100mV 85C Model Minimum Pulse Width 'clock'
Slack : -2.174
TNS   : -206.822

Type  : Fast 1100mV 0C Model Setup 'clock'
Slack : -1.971
TNS   : -442.856

Type  : Fast 1100mV 0C Model Hold 'clock'
Slack : 0.153
TNS   : 0.000

Type  : Fast 1100mV 0C Model Minimum Pulse Width 'clock'
Slack : -2.174
TNS   : -207.304

------------------------------------------------------------
